create table if not exists test (
  id integer primary key,
  textf text not null,
  integerf integer not null,
  blobf blob not null,
  realf real not null
)